UltraPure.c:15:13:gpio_config_input	16	static
UltraPure.c:21:13:gpio_config_output	16	static
UltraPure.c:31:13:gpio_output_high	16	static
UltraPure.c:36:13:gpio_output_low	16	static
UltraPure.c:41:12:gpio_output	16	static
UltraPure.c:46:12:gpio_input	16	static
UltraPure.c:52:6:ultra_pure_init	8	static
UltraPure.c:75:6:sensor_1_monitor	24	static
UltraPure.c:109:6:sensor_2_monitor	24	static
UltraPure.c:143:6:pump_monitor	16	static
UltraPure.c:169:6:led_color	16	static
UltraPure.c:183:6:led_control	8	static
