core_cm0.h:688:22:NVIC_SetPriority	24	static
core_cm0.h:769:26:SysTick_Config	16	static
UltraPure.c:15:13:gpio_config_input	16	static
UltraPure.c:22:13:gpio_config_output	16	static
UltraPure.c:32:13:gpio_output_high	16	static
UltraPure.c:37:13:gpio_output_low	16	static
UltraPure.c:42:12:gpio_output	16	static
UltraPure.c:47:12:gpio_input	16	static
UltraPure.c:54:6:sensor_monitor	48	static
UltraPure.c:116:6:pump_monitor	16	static
UltraPure.c:142:6:led_color	16	static
UltraPure.c:156:6:led_control	8	static
UltraPure.c:173:6:ultra_pure_init	8	static
